#-----------------------------------------------------------
# xsim v2024.2 (64-bit)
# SW Build 5239630 on Fri Nov 08 22:34:34 MST 2024
# IP Build 5239520 on Sun Nov 10 16:12:51 MST 2024
# SharedData Build 5239561 on Fri Nov 08 14:39:27 MST 2024
# Start of session at: Sun Mar 15 19:33:35 2026
# Process ID         : 63970
# Current directory  : /home/aleem/Desktop/MAC_unit
# Command line       : xsim -mode tcl -source {xsim.dir/systolic_array_4x4_tb_sim/xsim_script.tcl}
# Log file           : /home/aleem/Desktop/MAC_unit/xsim.log
# Journal file       : /home/aleem/Desktop/MAC_unit/xsim.jou
# Running On         : aleem-Latitude-5480
# Platform           : Ubuntu
# Operating System   : Ubuntu 24.04.3 LTS
# Processor Detail   : Intel(R) Core(TM) i5-7300U CPU @ 2.60GHz
# CPU Frequency      : 3500.002 MHz
# CPU Physical cores : 2
# CPU Logical cores  : 4
# Host memory        : 8200 MB
# Swap memory        : 4294 MB
# Total Virtual      : 12495 MB
# Available Virtual  : 6330 MB
#-----------------------------------------------------------
source xsim.dir/systolic_array_4x4_tb_sim/xsim_script.tcl
# xsim {systolic_array_4x4_tb_sim} -autoloadwcfg -runall
Time resolution is 1 ps
run -all
--- Starting Full Matrix Multiplication Test ---
Expected result for all PEs: 30
PE(0,0) Result:          30
PE(0,1) Result:          30
PE(0,2) Result:          30
PE(0,3) Result:          30
PE(1,0) Result:          30
PE(1,1) Result:          30
PE(1,2) Result:          30
PE(1,3) Result:          30
PE(2,0) Result:          30
PE(2,1) Result:          30
PE(2,2) Result:          30
PE(2,3) Result:          30
PE(3,0) Result:          30
PE(3,1) Result:          30
PE(3,2) Result:          30
PE(3,3) Result:          30
--- MATRIX MULTIPLICATION SUCCESS ---
$finish called at time : 205 ns : File "/home/aleem/Desktop/MAC_unit/systolic_array_4x4_tb.v" Line 98
exit
INFO: [Common 17-206] Exiting xsim at Sun Mar 15 19:33:40 2026...
