#-----------------------------------------------------------
# xsim v2024.2 (64-bit)
# SW Build 5239630 on Fri Nov 08 22:34:34 MST 2024
# IP Build 5239520 on Sun Nov 10 16:12:51 MST 2024
# SharedData Build 5239561 on Fri Nov 08 14:39:27 MST 2024
# Start of session at: Sun Mar 15 17:02:50 2026
# Process ID         : 57951
# Current directory  : /home/aleem/Desktop/MAC_unit
# Command line       : xsim -mode tcl -source {xsim.dir/mac_unit_tb_sim/xsim_script.tcl}
# Log file           : /home/aleem/Desktop/MAC_unit/xsim.log
# Journal file       : /home/aleem/Desktop/MAC_unit/xsim.jou
# Running On         : aleem-Latitude-5480
# Platform           : Ubuntu
# Operating System   : Ubuntu 24.04.3 LTS
# Processor Detail   : Intel(R) Core(TM) i5-7300U CPU @ 2.60GHz
# CPU Frequency      : 3499.925 MHz
# CPU Physical cores : 2
# CPU Logical cores  : 4
# Host memory        : 8200 MB
# Swap memory        : 4294 MB
# Total Virtual      : 12495 MB
# Available Virtual  : 6379 MB
#-----------------------------------------------------------
source xsim.dir/mac_unit_tb_sim/xsim_script.tcl
# xsim {mac_unit_tb_sim} -autoloadwcfg -runall
Time resolution is 1 ps
run -all
PASS | pos*pos         | expected=30, got=30
PASS | neg*pos         | expected=-28, got=-28
PASS | neg*neg         | expected=24, got=24
PASS | zero*anything   | expected=100, got=100
PASS | accumulation    | expected=27, got=27
------------------------------------------
Results: 5 PASSED, 0 FAILED
------------------------------------------
$finish called at time : 86 ns : File "/home/aleem/Desktop/MAC_unit/mac_unit_tb.v" Line 118
exit
INFO: [Common 17-206] Exiting xsim at Sun Mar 15 17:02:56 2026...
